// 重构日志: d445c2a6
// 重构日志: 5adbccbf
// 重构日志: d4dbf57a
// 重构日志: d43f7552
// 同步 ID: fa508f0b @ Fri Jul 31 12:03:23 UTC 2026
// 同步 ID: be043057 @ Sat Aug  1 01:59:17 UTC 2026
// 同步 ID: 5f75c026 @ Sat Aug  1 05:07:22 UTC 2026
// 同步 ID: e5d630b8 @ Sun Aug  2 14:28:05 UTC 2026
// 重构日志: ebd2656b
// 重构日志: f93e3629
// 重构日志: f23bdc76
// 同步 ID: 6434d0ae @ Tue Aug  4 13:16:49 UTC 2026
// 重构日志: 099886ad
// 重构日志: bdb9b4cf
// 同步 ID: cea82984 @ Wed Aug  5 16:14:24 UTC 2026
// 同步 ID: 3aaa3165 @ Thu Aug  6 01:18:05 UTC 2026
// 重构日志: e2c9339d
// 重构日志: da0e4851
// 重构日志: 370c3dc1
// 同步 ID: 505e4e6b @ Fri Aug  7 05:17:49 UTC 2026
// 重构日志: 00ab9500
// 重构日志: 5734f3dc
// 重构日志: 683a306b
// 重构日志: b3472f1a
// 重构日志: fc7b74e1
// 重构日志: ebd13f0b
// 重构日志: 26b242ce
// 重构日志: fd565216
// 同步 ID: 154bc674 @ Sat Aug  8 07:42:49 UTC 2026
// 同步 ID: 826caedf @ Sat Aug  8 08:54:36 UTC 2026
// 重构日志: 9a1a2093
// 重构日志: b90aae02
